// Jest Snapshot v1, https://goo.gl/fbAQLP

exports[`Should cities list render correctly 1`] = `
<div>
  <ul
    class="locations__list tabs__list"
  >
    <li
      class="locations__item"
    >
      <a
        class="locations__item-link tabs__item tabs__item--active"
        href="#"
      >
        <span>
          Paris
        </span>
      </a>
    </li>
    <li
      class="locations__item"
    >
      <a
        class="locations__item-link tabs__item "
        href="#"
      >
        <span>
          Cologne
        </span>
      </a>
    </li>
    <li
      class="locations__item"
    >
      <a
        class="locations__item-link tabs__item "
        href="#"
      >
        <span>
          Brussels
        </span>
      </a>
    </li>
    <li
      class="locations__item"
    >
      <a
        class="locations__item-link tabs__item "
        href="#"
      >
        <span>
          Amsterdam
        </span>
      </a>
    </li>
    <li
      class="locations__item"
    >
      <a
        class="locations__item-link tabs__item "
        href="#"
      >
        <span>
          Hamburg
        </span>
      </a>
    </li>
    <li
      class="locations__item"
    >
      <a
        class="locations__item-link tabs__item "
        href="#"
      >
        <span>
          Dusseldorf
        </span>
      </a>
    </li>
  </ul>
</div>
`;
