// Jest Snapshot v1, https://goo.gl/fbAQLP

exports[`Should NotFoundPage render correctly 1`] = `
<div>
  <div
    style="display: none;"
  >
    <svg
      xmlns="http://www.w3.org/2000/svg"
    >
      <symbol
        id="icon-arrow-select"
        viewBox="0 0 7 4"
      >
        <path
          clip-rule="evenodd"
          d="M0 0l3.5 2.813L7 0v1.084L3.5 4 0 1.084V0z"
          fill-rule="evenodd"
        />
      </symbol>
      <symbol
        id="icon-bookmark"
        viewBox="0 0 17 18"
      >
        <path
          d="M3.993 2.185l.017-.092V2c0-.554.449-1 .99-1h10c.522 0 .957.41.997.923l-2.736 14.59-4.814-2.407-.39-.195-.408.153L1.31 16.44 3.993 2.185z"
        />
      </symbol>
      <symbol
        id="icon-star"
        viewBox="0 0 13 12"
      >
        <path
          clip-rule="evenodd"
          d="M6.5 9.644L10.517 12 9.451 7.56 13 4.573l-4.674-.386L6.5 0 4.673 4.187 0 4.573 3.549 7.56 2.483 12 6.5 9.644z"
          fill-rule="evenodd"
        />
      </symbol>
    </svg>
  </div>
  <div
    class="page page--gray page--main"
  >
    <header
      class="header"
    >
      <div
        class="container"
      >
        <div
          class="header__wrapper"
        >
          <div
            class="header__left"
          >
            <a
              class="header__logo-link header__logo-link--active"
              href="/"
            >
              <img
                alt="6 cities logo"
                class="header__logo"
                height="41"
                src="img/logo.svg"
                width="81"
              />
            </a>
          </div>
          <nav
            class="header__nav"
          >
            <ul
              class="header__nav-list"
            >
              <li
                class="header__nav-item user"
              >
                <a
                  class="header__nav-link header__nav-link--profile"
                  href="/favorites"
                >
                  <div
                    class="header__avatar-wrapper user__avatar-wrapper"
                  >
                    <img
                      alt="Oliver.conner"
                      src="img/1.png"
                    />
                  </div>
                  <span
                    class="header__user-name user__name"
                  >
                    Oliver.conner
                  </span>
                </a>
              </li>
              <li
                class="header_nav-item"
              >
                <a
                  class="header__nav-link header__nav-link--profile"
                  href="#"
                >
                  <span
                    class="header__user-name user__name"
                  >
                    Logout
                  </span>
                </a>
              </li>
            </ul>
          </nav>
        </div>
      </div>
    </header>
    <main
      class="page__main page__main--index"
    >
      <h1
        class="visually-hidden"
      >
        Not Found 
      </h1>
      <div
        class="tabs"
      >
        <section
          class="locations container"
        >
          <ul
            class="locations__list tabs__list"
          >
            <li
              class="locations__item"
            >
              <a
                class="locations__item-link tabs__item"
                href="#"
              >
                <span>
                  Paris
                </span>
              </a>
            </li>
            <li
              class="locations__item"
            >
              <a
                class="locations__item-link tabs__item"
                href="#"
              >
                <span>
                  Cologne
                </span>
              </a>
            </li>
            <li
              class="locations__item"
            >
              <a
                class="locations__item-link tabs__item"
                href="#"
              >
                <span>
                  Brussels
                </span>
              </a>
            </li>
            <li
              class="locations__item"
            >
              <a
                class="locations__item-link tabs__item tabs__item--active"
              >
                <span>
                  Amsterdam
                </span>
              </a>
            </li>
            <li
              class="locations__item"
            >
              <a
                class="locations__item-link tabs__item"
                href="#"
              >
                <span>
                  Hamburg
                </span>
              </a>
            </li>
            <li
              class="locations__item"
            >
              <a
                class="locations__item-link tabs__item"
                href="#"
              >
                <span>
                  Dusseldorf
                </span>
              </a>
            </li>
          </ul>
        </section>
      </div>
      <div
        class="page-not-found"
      >
        <div
          class="cities__places-container container"
        >
          <section
            class="cities__places places"
          >
            <h2>
              Oops. Page Not Found
            </h2>
            <a
              class="places__found"
              href="/"
            >
              To main page...
            </a>
          </section>
        </div>
      </div>
    </main>
  </div>
</div>
`;
