// Jest Snapshot v1, https://goo.gl/fbAQLP

exports[`Should create comment form render correctly 1`] = `
<div>
  <form
    action="#"
    class="reviews__form form"
    method="post"
  >
    <label
      class="reviews__label form__label"
      for="review"
    >
      Your review
    </label>
    <div
      class="reviews__rating-form form__rating"
    >
      <input
        checked=""
        class="form__rating-input visually-hidden"
        id="5-stars"
        name="rating"
        type="radio"
        value="5"
      />
      <label
        class="reviews__rating-label form__rating-label"
        for="5-stars"
        id="label-5-stars"
        title="perfect"
      >
        <svg
          class="form__star-image"
          height="33"
          width="37"
        >
          <use
            xlink:href="#icon-star"
          />
        </svg>
      </label>
      <input
        class="form__rating-input visually-hidden"
        id="4-stars"
        name="rating"
        type="radio"
        value="4"
      />
      <label
        class="reviews__rating-label form__rating-label"
        for="4-stars"
        id="label-4-stars"
        title="good"
      >
        <svg
          class="form__star-image"
          height="33"
          width="37"
        >
          <use
            xlink:href="#icon-star"
          />
        </svg>
      </label>
      <input
        class="form__rating-input visually-hidden"
        id="3-stars"
        name="rating"
        type="radio"
        value="3"
      />
      <label
        class="reviews__rating-label form__rating-label"
        for="3-stars"
        id="label-3-stars"
        title="not bad"
      >
        <svg
          class="form__star-image"
          height="33"
          width="37"
        >
          <use
            xlink:href="#icon-star"
          />
        </svg>
      </label>
      <input
        class="form__rating-input visually-hidden"
        id="2-stars"
        name="rating"
        type="radio"
        value="2"
      />
      <label
        class="reviews__rating-label form__rating-label"
        for="2-stars"
        id="label-2-stars"
        title="badly"
      >
        <svg
          class="form__star-image"
          height="33"
          width="37"
        >
          <use
            xlink:href="#icon-star"
          />
        </svg>
      </label>
      <input
        class="form__rating-input visually-hidden"
        id="1-stars"
        name="rating"
        type="radio"
        value="1"
      />
      <label
        class="reviews__rating-label form__rating-label"
        for="1-stars"
        id="label-1-stars"
        title="terribly"
      >
        <svg
          class="form__star-image"
          height="33"
          width="37"
        >
          <use
            xlink:href="#icon-star"
          />
        </svg>
      </label>
    </div>
    <textarea
      class="reviews__textarea form__textarea"
      id="review"
      name="comment"
      placeholder="Tell how was your stay, what you like and what can be improved"
    />
    <div
      class="reviews__button-wrapper"
    >
      <p
        class="reviews__help"
      >
        To submit review please make sure to set 
        <span
          class="reviews__star"
        >
          rating
        </span>
         and describe your stay with at least 
        <b
          class="reviews__text-amount"
        >
          50
           characters
        </b>
        .
      </p>
      <button
        class="reviews__submit form__submit button"
        disabled=""
        type="submit"
      >
        Submit
      </button>
    </div>
  </form>
</div>
`;
